Clone of p1
clone1/p1: 2 issues
1 project(s)
Issue 1: p1: first issue
Issue 2: p1: third issue
Issue 1: p1: first issue
---- Properties ----------------------------------------------------------------
    status                    : open
Clone of p2
clone2/p2: 1 issues
1 project(s)
Issue 1: p2: second issue
Issue 1: p2: second issue
---- Properties ----------------------------------------------------------------
