>>> ../../test/../bin/smitc signing http://127.0.0.1:8099 tuser1 tpasswd1
204
>>> ../../test/../bin/smitc get http://127.0.0.1:8099/p1//issues/?format=json&colspec=id+status+summary
[
  [
    "1",
    "open",
    "first issue"
  ],
  [
    "2",
    "open",
    "second issue"
  ]
]
>>> ../../test/../bin/smitc get http://127.0.0.1:8099/p1//issues/1?format=json
{
  "properties": {
    "status": "open",
    "summary": "first issue"
  },
  "entries": [
    {
      "entry_header": {
        "id": ...,
        "author": "Anonymous",
        "ctime": ...,
        "parent": null
      },
      "properties": {
        "summary": "first issue"
      }
    },
    {
      "entry_header": {
        "id": ...,
        "author": "Anonymous",
        "ctime": ...,
        "parent": ...
      },
      "properties": {
        "status": "open"
      },
      "message": "some message"
    }
  ]
}
>>> ../../test/../bin/smitc get http://127.0.0.1:8099/p1//issues/2?format=json
{
  "properties": {
    "status": "open",
    "summary": "second issue"
  },
  "entries": [
    {
      "entry_header": {
        "id": ...,
        "author": "Anonymous",
        "ctime": ...,
        "parent": null
      },
      "properties": {
        "status": "open",
        "summary": "second issue"
      }
    }
  ]
}
>>> ../../test/../bin/smitc get http://127.0.0.1:8099/p1//entries/?format=json
[
  {
    "entry_header": {
      "id": ...,
      "author": "Anonymous",
      "ctime": ...,
      "parent": null
    },
    "properties": {
      "summary": "first issue"
    }
  },
  {
    "entry_header": {
      "id": ...,
      "author": "Anonymous",
      "ctime": ...,
      "parent": ...
    },
    "properties": {
      "status": "open"
    },
    "message": "some message"
  },
  {
    "entry_header": {
      "id": ...,
      "author": "Anonymous",
      "ctime": ...,
      "parent": null
    },
    "properties": {
      "status": "open",
      "summary": "second issue"
    }
  }
]
