smitc POST p1
403 Forbidden
smitc GET p1
403 Forbidden
smitc POST p2
403 Forbidden
smitc GET p2
403 Forbidden
smitc POST p3
403 Forbidden
smitc GET p3
id,	summary
1,	p3:first issue
smitc POST p4
1/a8678f1a6b66f8d8e9646aa9b4589a5633854dd7
smitc GET p4
id,	summary
1,	new-summary/p4
smitc POST p5
1/24b0445ec5fdae4cf7023857ba03d4031dc21f09
smitc GET p5
id,	summary
1,	new-summary/p5
Issues of clone1/p1:
Issues of clone1/p2:
Issues of clone1/p3:
Issue 1: p3:first issue
Issues of clone1/p4:
Issue 1: new-summary/p4
Issues of clone1/p5:
Issue 1: new-summary/p5
