Modification of project config with unauthorized user
Configuration of project 'trepo/p1':
+smv 2.4.0
+parent null
+ctime 1432063395
+author ""
setPropertyLabel id "#"
addProperty status select open closed deleted
addProperty owner selectUser

Configuration of project 'trepo/p1/sub1':
+smv 2.4.0
+parent null
+ctime 1432063395
+author ""
setPropertyLabel id "#"
addProperty status select open closed deleted
addProperty owner selectUser

2 project(s)
