>>> ../smit issue clone1/p1 1 --history --properties
Issue 1: first issue
---- Properties ----------------------------------------------------------------
    color                     : yellow
    freeText                  : hello world
    status                    : open
--------------------------------------------------------------------------------
Modified Properties:
    color: blue
    summary: first issue
--------------------------------------------------------------------------------
Modified Properties:
    color: green
    status: open
--------------------------------------------------------------------------------
Modified Properties:
    color: yellow
    freeText: hello world
>>> ../smit issue clone1/p1 2 --history --properties
Issue 2: second issue
---- Properties ----------------------------------------------------------------
    color                     : yellow
--------------------------------------------------------------------------------
Modified Properties:
    color: yellow
    summary: second issue
--------------------------------------------------------------------------------
Attached files:
    8c83ed4790fc1c72802f68d09c45be4fb4eb2772 file1
>>> ../smit issue clone1/p1 3 --history --properties
Issue 3: third issue
---- Properties ----------------------------------------------------------------
    freeText                  : this is xyz
--------------------------------------------------------------------------------
Modified Properties:
    freeText: this is xyz
    summary: t---d issue
--------------------------------------------------------------------------------
Modified Properties:
    summary: third issue
Attached files:
    42a545b480d94a57c243375d6b405d8f48043915 file2
