-- clone_p1_1 --
Issue 1: issue #1 in p1 [1]
Issue 2: issue #1 (bis) in p1 [1]
Issue 3: issue #2 in p1 [1]
Issue 4: issue #2 (bis) in p1 [1]
Issue 5: issue #3 in p1 [1]
Issue 6: issue #3 (bis) in p1 [1]
Issue 7: issue #4 in p1 [1]
Issue 8: issue #4 (bis) in p1 [1]
Issue 9: issue #5 (bis) in p1 [1]
Issue 10: issue #5 in p1 [1]
Issue 11: issue #6 in p1 [1]
Issue 12: issue #6 (bis) in p1 [1]
Issue 13: issue #7 in p1 [1]
Issue 14: issue #7 (bis) in p1 [1]
Issue 15: issue #8 in p1 [1]
Issue 16: issue #8 (bis) in p1 [1]
Issue 17: issue #9 in p1 [1]
Issue 18: issue #9 (bis) in p1 [1]
Issue 19: issue #10 in p1 [1]
Issue 20: issue #10 (bis) in p1 [1]
-- clone_p1_2 --
Issue 1: issue #1 in p1 [1]
Issue 2: issue #1 (bis) in p1 [1]
Issue 3: issue #2 in p1 [1]
Issue 4: issue #2 (bis) in p1 [1]
Issue 5: issue #3 in p1 [1]
Issue 6: issue #3 (bis) in p1 [1]
Issue 7: issue #4 in p1 [1]
Issue 8: issue #4 (bis) in p1 [1]
Issue 9: issue #5 (bis) in p1 [1]
Issue 10: issue #5 in p1 [1]
Issue 11: issue #6 in p1 [1]
Issue 12: issue #6 (bis) in p1 [1]
Issue 13: issue #7 in p1 [1]
Issue 14: issue #7 (bis) in p1 [1]
Issue 15: issue #8 in p1 [1]
Issue 16: issue #8 (bis) in p1 [1]
Issue 17: issue #9 in p1 [1]
Issue 18: issue #9 (bis) in p1 [1]
Issue 19: issue #10 in p1 [1]
Issue 20: issue #10 (bis) in p1 [1]
Issue 21: issue #1 in p1 [2]
Issue 22: issue #1 (bis) in p1 [2]
Issue 23: issue #2 in p1 [2]
Issue 24: issue #2 (bis) in p1 [2]
Issue 25: issue #3 in p1 [2]
Issue 26: issue #3 (bis) in p1 [2]
Issue 27: issue #4 in p1 [2]
Issue 28: issue #4 (bis) in p1 [2]
Issue 29: issue #5 in p1 [2]
Issue 30: issue #5 (bis) in p1 [2]
Issue 31: issue #6 in p1 [2]
Issue 32: issue #6 (bis) in p1 [2]
Issue 33: issue #7 in p1 [2]
Issue 34: issue #7 (bis) in p1 [2]
Issue 35: issue #8 in p1 [2]
Issue 36: issue #8 (bis) in p1 [2]
Issue 37: issue #9 in p1 [2]
Issue 38: issue #9 (bis) in p1 [2]
Issue 39: issue #10 in p1 [2]
Issue 40: issue #10 (bis) in p1 [2]
