Issue 1: first issue
---- Properties ----------------------------------------------------------------
    color                     : yellow
    freeText                  : hello world
    status                    : open
Issue 2: second issue
---- Properties ----------------------------------------------------------------
    color                     : yellow
Issue 3: third issue
---- Properties ----------------------------------------------------------------
    freeText                  : this is xyz
-- file1
-- file2
-- contents of file2
