-- clone_1 --
Issue 1: #1.1.a
Issue 2: #1.1.b
Issue 3: #1.2.a
Issue 4: #1.2.b
Issue 5: #1.3.a
Issue 6: #1.3.b
Issue 7: #1.4.a
Issue 8: #1.4.b
Issue 9: #1.5.b
Issue 10: #1.5.a
Issue 11: #1.6.a
Issue 12: #1.6.b
Issue 13: #1.7.a
Issue 14: #1.7.b
Issue 15: #1.8.a
Issue 16: #1.8.b
Issue 17: #1.9.a
Issue 18: #1.9.b
Issue 19: #1.10.a
Issue 20: #1.10.b
-- clone_2 --
Issue 1: #1.1.a
Issue 2: #1.1.b
Issue 3: #1.2.a
Issue 4: #1.2.b
Issue 5: #1.3.a
Issue 6: #1.3.b
Issue 7: #1.4.a
Issue 8: #1.4.b
Issue 9: #1.5.b
Issue 10: #1.5.a
Issue 11: #1.6.a
Issue 12: #1.6.b
Issue 13: #1.7.a
Issue 14: #1.7.b
Issue 15: #1.8.a
Issue 16: #1.8.b
Issue 17: #1.9.a
Issue 18: #1.9.b
Issue 19: #1.10.a
Issue 20: #1.10.b
Issue 21: #2.1.a
Issue 22: #2.1.b
Issue 23: #2.2.a
Issue 24: #2.2.b
Issue 25: #2.3.a
Issue 26: #2.3.b
Issue 27: #2.4.a
Issue 28: #2.4.b
Issue 29: #2.5.a
Issue 30: #2.5.b
Issue 31: #2.6.a
Issue 32: #2.6.b
Issue 33: #2.7.a
Issue 34: #2.7.b
Issue 35: #2.8.a
Issue 36: #2.8.b
Issue 37: #2.9.a
Issue 38: #2.9.b
Issue 39: #2.10.a
Issue 40: #2.10.b
