-- clone_1 --
Issue ...: #1.10.a
Issue ...: #1.10.b
Issue ...: #1.1.a
Issue ...: #1.1.b
Issue ...: #1.2.a
Issue ...: #1.2.b
Issue ...: #1.3.a
Issue ...: #1.3.b
Issue ...: #1.4.a
Issue ...: #1.4.b
Issue ...: #1.5.a
Issue ...: #1.5.b
Issue ...: #1.6.a
Issue ...: #1.6.b
Issue ...: #1.7.a
Issue ...: #1.7.b
Issue ...: #1.8.a
Issue ...: #1.8.b
Issue ...: #1.9.a
Issue ...: #1.9.b
Issue ...: #2.10.a
Issue ...: #2.10.b
Issue ...: #2.1.a
Issue ...: #2.1.b
Issue ...: #2.2.a
Issue ...: #2.2.b
Issue ...: #2.3.a
Issue ...: #2.3.b
Issue ...: #2.4.a
Issue ...: #2.4.b
Issue ...: #2.5.a
Issue ...: #2.5.b
Issue ...: #2.6.a
Issue ...: #2.6.b
Issue ...: #2.7.a
Issue ...: #2.7.b
Issue ...: #2.8.a
Issue ...: #2.8.b
Issue ...: #2.9.a
Issue ...: #2.9.b
-- clone_2 --
Issue ...: #1.10.a
Issue ...: #1.10.b
Issue ...: #1.1.a
Issue ...: #1.1.b
Issue ...: #1.2.a
Issue ...: #1.2.b
Issue ...: #1.3.a
Issue ...: #1.3.b
Issue ...: #1.4.a
Issue ...: #1.4.b
Issue ...: #1.5.a
Issue ...: #1.5.b
Issue ...: #1.6.a
Issue ...: #1.6.b
Issue ...: #1.7.a
Issue ...: #1.7.b
Issue ...: #1.8.a
Issue ...: #1.8.b
Issue ...: #1.9.a
Issue ...: #1.9.b
Issue ...: #2.10.a
Issue ...: #2.10.b
Issue ...: #2.1.a
Issue ...: #2.1.b
Issue ...: #2.2.a
Issue ...: #2.2.b
Issue ...: #2.3.a
Issue ...: #2.3.b
Issue ...: #2.4.a
Issue ...: #2.4.b
Issue ...: #2.5.a
Issue ...: #2.5.b
Issue ...: #2.6.a
Issue ...: #2.6.b
Issue ...: #2.7.a
Issue ...: #2.7.b
Issue ...: #2.8.a
Issue ...: #2.8.b
Issue ...: #2.9.a
Issue ...: #2.9.b
